Archive member included to satisfy reference by file (symbol)

/usr/lib/gcc/arm-none-eabi/13.2.1/../../../arm-none-eabi/lib/thumb/v7e-m+fp/hard/libc_nano.a(libc_a-init.o)
                              /usr/lib/gcc/arm-none-eabi/13.2.1/../../../arm-none-eabi/lib/thumb/v7e-m+fp/hard/crt0.o (__libc_init_array)
/usr/lib/gcc/arm-none-eabi/13.2.1/../../../arm-none-eabi/lib/thumb/v7e-m+fp/hard/libc_nano.a(libc_a-memset.o)
                              /usr/lib/gcc/arm-none-eabi/13.2.1/../../../arm-none-eabi/lib/thumb/v7e-m+fp/hard/crt0.o (memset)
/usr/lib/gcc/arm-none-eabi/13.2.1/../../../arm-none-eabi/lib/thumb/v7e-m+fp/hard/libc_nano.a(libc_a-exit.o)
                              /usr/lib/gcc/arm-none-eabi/13.2.1/../../../arm-none-eabi/lib/thumb/v7e-m+fp/hard/crt0.o (exit)
/usr/lib/gcc/arm-none-eabi/13.2.1/../../../arm-none-eabi/lib/thumb/v7e-m+fp/hard/libc_nano.a(libc_a-atexit.o)
                              /usr/lib/gcc/arm-none-eabi/13.2.1/../../../arm-none-eabi/lib/thumb/v7e-m+fp/hard/crt0.o (atexit)
/usr/lib/gcc/arm-none-eabi/13.2.1/../../../arm-none-eabi/lib/thumb/v7e-m+fp/hard/libc_nano.a(libc_a-fini.o)
                              /usr/lib/gcc/arm-none-eabi/13.2.1/../../../arm-none-eabi/lib/thumb/v7e-m+fp/hard/crt0.o (__libc_fini_array)
/usr/lib/gcc/arm-none-eabi/13.2.1/../../../arm-none-eabi/lib/thumb/v7e-m+fp/hard/libc_nano.a(libc_a-findfp.o)
                              /usr/lib/gcc/arm-none-eabi/13.2.1/../../../arm-none-eabi/lib/thumb/v7e-m+fp/hard/libc_nano.a(libc_a-exit.o) (__stdio_exit_handler)
/usr/lib/gcc/arm-none-eabi/13.2.1/../../../arm-none-eabi/lib/thumb/v7e-m+fp/hard/libc_nano.a(libc_a-fflush.o)
                              /usr/lib/gcc/arm-none-eabi/13.2.1/../../../arm-none-eabi/lib/thumb/v7e-m+fp/hard/libc_nano.a(libc_a-findfp.o) (_fflush_r)
/usr/lib/gcc/arm-none-eabi/13.2.1/../../../arm-none-eabi/lib/thumb/v7e-m+fp/hard/libc_nano.a(libc_a-mallocr.o)
                              /usr/lib/gcc/arm-none-eabi/13.2.1/../../../arm-none-eabi/lib/thumb/v7e-m+fp/hard/libc_nano.a(libc_a-findfp.o) (_malloc_r)
/usr/lib/gcc/arm-none-eabi/13.2.1/../../../arm-none-eabi/lib/thumb/v7e-m+fp/hard/libc_nano.a(libc_a-freer.o)
                              /usr/lib/gcc/arm-none-eabi/13.2.1/../../../arm-none-eabi/lib/thumb/v7e-m+fp/hard/libc_nano.a(libc_a-fflush.o) (_free_r)
/usr/lib/gcc/arm-none-eabi/13.2.1/../../../arm-none-eabi/lib/thumb/v7e-m+fp/hard/libc_nano.a(libc_a-fwalk.o)
                              /usr/lib/gcc/arm-none-eabi/13.2.1/../../../arm-none-eabi/lib/thumb/v7e-m+fp/hard/libc_nano.a(libc_a-findfp.o) (_fwalk_sglue)
/usr/lib/gcc/arm-none-eabi/13.2.1/../../../arm-none-eabi/lib/thumb/v7e-m+fp/hard/libc_nano.a(libc_a-__atexit.o)
                              /usr/lib/gcc/arm-none-eabi/13.2.1/../../../arm-none-eabi/lib/thumb/v7e-m+fp/hard/libc_nano.a(libc_a-atexit.o) (__register_exitproc)
/usr/lib/gcc/arm-none-eabi/13.2.1/../../../arm-none-eabi/lib/thumb/v7e-m+fp/hard/libc_nano.a(libc_a-mlock.o)
                              /usr/lib/gcc/arm-none-eabi/13.2.1/../../../arm-none-eabi/lib/thumb/v7e-m+fp/hard/libc_nano.a(libc_a-mallocr.o) (__malloc_lock)
/usr/lib/gcc/arm-none-eabi/13.2.1/../../../arm-none-eabi/lib/thumb/v7e-m+fp/hard/libc_nano.a(libc_a-sbrkr.o)
                              /usr/lib/gcc/arm-none-eabi/13.2.1/../../../arm-none-eabi/lib/thumb/v7e-m+fp/hard/libc_nano.a(libc_a-mallocr.o) (_sbrk_r)
/usr/lib/gcc/arm-none-eabi/13.2.1/../../../arm-none-eabi/lib/thumb/v7e-m+fp/hard/libc_nano.a(libc_a-stdio.o)
                              /usr/lib/gcc/arm-none-eabi/13.2.1/../../../arm-none-eabi/lib/thumb/v7e-m+fp/hard/libc_nano.a(libc_a-findfp.o) (__sread)
/usr/lib/gcc/arm-none-eabi/13.2.1/../../../arm-none-eabi/lib/thumb/v7e-m+fp/hard/libc_nano.a(libc_a-impure.o)
                              /usr/lib/gcc/arm-none-eabi/13.2.1/../../../arm-none-eabi/lib/thumb/v7e-m+fp/hard/libc_nano.a(libc_a-fflush.o) (_impure_ptr)
/usr/lib/gcc/arm-none-eabi/13.2.1/../../../arm-none-eabi/lib/thumb/v7e-m+fp/hard/libc_nano.a(libc_a-closer.o)
                              /usr/lib/gcc/arm-none-eabi/13.2.1/../../../arm-none-eabi/lib/thumb/v7e-m+fp/hard/libc_nano.a(libc_a-stdio.o) (_close_r)
/usr/lib/gcc/arm-none-eabi/13.2.1/../../../arm-none-eabi/lib/thumb/v7e-m+fp/hard/libc_nano.a(libc_a-__call_atexit.o)
                              /usr/lib/gcc/arm-none-eabi/13.2.1/../../../arm-none-eabi/lib/thumb/v7e-m+fp/hard/libc_nano.a(libc_a-__atexit.o) (__call_exitprocs)
/usr/lib/gcc/arm-none-eabi/13.2.1/../../../arm-none-eabi/lib/thumb/v7e-m+fp/hard/libc_nano.a(libc_a-readr.o)
                              /usr/lib/gcc/arm-none-eabi/13.2.1/../../../arm-none-eabi/lib/thumb/v7e-m+fp/hard/libc_nano.a(libc_a-stdio.o) (_read_r)
/usr/lib/gcc/arm-none-eabi/13.2.1/../../../arm-none-eabi/lib/thumb/v7e-m+fp/hard/libc_nano.a(libc_a-reent.o)
                              /usr/lib/gcc/arm-none-eabi/13.2.1/../../../arm-none-eabi/lib/thumb/v7e-m+fp/hard/libc_nano.a(libc_a-sbrkr.o) (errno)
[...]
Memory Configuration

Name             Origin             Length             Attributes
RAM              0x20000000         0x00030000         xrw
CCMRAM           0x10000000         0x00010000         xrw
FLASH            0x08000000         0x00200000         xr
*default*        0x00000000         0xffffffff

Linker script and memory map

LOAD /usr/lib/gcc/arm-none-eabi/13.2.1/thumb/v7e-m+fp/hard/crti.o
LOAD /usr/lib/gcc/arm-none-eabi/13.2.1/thumb/v7e-m+fp/hard/crtbegin.o
LOAD /usr/lib/gcc/arm-none-eabi/13.2.1/../../../arm-none-eabi/lib/thumb/v7e-m+fp/hard/crt0.o
LOAD build/main.o
LOAD build/gpio.o
LOAD build/stm32f4xx_it.o
LOAD build/stm32f4xx_hal_msp.o
LOAD build/stm32f4xx_hal_tim.o
LOAD build/stm32f4xx_hal_tim_ex.o
LOAD build/stm32f4xx_hal_rcc.o
LOAD build/stm32f4xx_hal_rcc_ex.o
LOAD build/stm32f4xx_hal_flash.o
LOAD build/stm32f4xx_hal_flash_ex.o
LOAD build/stm32f4xx_hal_flash_ramfunc.o
LOAD build/stm32f4xx_hal_gpio.o
LOAD build/stm32f4xx_hal_dma_ex.o
LOAD build/stm32f4xx_hal_dma.o
LOAD build/stm32f4xx_hal_pwr.o
LOAD build/stm32f4xx_hal_pwr_ex.o
LOAD build/stm32f4xx_hal_cortex.o
LOAD build/stm32f4xx_hal.o
LOAD build/stm32f4xx_hal_exti.o
LOAD build/system_stm32f4xx.o
LOAD build/startup_stm32f429xx.o
LOAD /usr/lib/gcc/arm-none-eabi/13.2.1/../../../arm-none-eabi/lib/thumb/v7e-m+fp/hard/libc_nano.a
LOAD /usr/lib/gcc/arm-none-eabi/13.2.1/../../../arm-none-eabi/lib/thumb/v7e-m+fp/hard/libm.a
LOAD /usr/lib/gcc/arm-none-eabi/13.2.1/../../../arm-none-eabi/lib/thumb/v7e-m+fp/hard/libnosys.a
START GROUP
LOAD /usr/lib/gcc/arm-none-eabi/13.2.1/thumb/v7e-m+fp/hard/libgcc.a
LOAD /usr/lib/gcc/arm-none-eabi/13.2.1/../../../arm-none-eabi/lib/thumb/v7e-m+fp/hard/libc_nano.a
END GROUP
START GROUP
LOAD /usr/lib/gcc/arm-none-eabi/13.2.1/thumb/v7e-m+fp/hard/libgcc.a
LOAD /usr/lib/gcc/arm-none-eabi/13.2.1/../../../arm-none-eabi/lib/thumb/v7e-m+fp/hard/libc_nano.a
END GROUP
LOAD /usr/lib/gcc/arm-none-eabi/13.2.1/thumb/v7e-m+fp/hard/crtend.o
LOAD /usr/lib/gcc/arm-none-eabi/13.2.1/thumb/v7e-m+fp/hard/crtn.o
                0x20030000                        _estack = (ORIGIN (RAM) + LENGTH (RAM))
                0x00000200                        _Min_Heap_Size = 0x200
                0x00000400                        _Min_Stack_Size = 0x400

.isr_vector     0x08000000      0x1ac
                0x08000000                        . = ALIGN (0x4)
 *(.isr_vector)
 .isr_vector    0x08000000      0x1ac build/startup_stm32f429xx.o
                0x08000000                g_pfnVectors
                0x080001ac                        . = ALIGN (0x4)

.text           0x080001ac     0x108c
                0x080001ac                        . = ALIGN (0x4)
 *(.text)
 .text          0x080001ac       0x88 /usr/lib/gcc/arm-none-eabi/13.2.1/thumb/v7e-m+fp/hard/crtbegin.o
 .text          0x08000234       0x50 /usr/lib/gcc/arm-none-eabi/13.2.1/../../../arm-none-eabi/lib/thumb/v7e-m+fp/hard/libc_nano.a(libc_a-init.o)
                0x08000234                __libc_init_array
 .text          0x08000284       0xa4 /usr/lib/gcc/arm-none-eabi/13.2.1/../../../arm-none-eabi/lib/thumb/v7e-m+fp/hard/libc_nano.a(libc_a-memset.o)
                0x08000284                memset
 .text          0x08000328       0x30 /usr/lib/gcc/arm-none-eabi/13.2.1/thumb/v7e-m+fp/hard/libgcc.a(_aeabi_uldivmod.o)
                0x08000328                __aeabi_uldivmod
 .text          0x08000358      0x2bc /usr/lib/gcc/arm-none-eabi/13.2.1/thumb/v7e-m+fp/hard/libgcc.a(_udivmoddi4.o)
                0x08000358                __udivmoddi4
 .text          0x08000614        0x4 /usr/lib/gcc/arm-none-eabi/13.2.1/thumb/v7e-m+fp/hard/libgcc.a(_dvmd_tls.o)
                0x08000614                __aeabi_ldiv0
                0x08000614                __aeabi_idiv0
 *(.text*)
 .text.Error_Handler
                0x08000618        0x4 build/main.o
                0x08000618                Error_Handler
 .text.SystemClock_Config
                0x0800061c       0xa4 build/main.o
                0x0800061c                SystemClock_Config
 .text.main     0x080006c0       0x4c build/main.o
                0x080006c0                main
 .text.MX_GPIO_Init
                0x0800070c       0x6c build/gpio.o
                0x0800070c                MX_GPIO_Init
 .text.gpio_led_state
                0x08000778       0x30 build/gpio.o
                0x08000778                gpio_led_state
 .text.NMI_Handler
                0x080007a8        0x2 build/stm32f4xx_it.o
                0x080007a8                NMI_Handler
 .text.HardFault_Handler
                0x080007aa        0x2 build/stm32f4xx_it.o
                0x080007aa                HardFault_Handler
 .text.MemManage_Handler
                0x080007ac        0x2 build/stm32f4xx_it.o
                0x080007ac                MemManage_Handler
 .text.BusFault_Handler
                0x080007ae        0x2 build/stm32f4xx_it.o
                0x080007ae                BusFault_Handler
 .text.UsageFault_Handler
                0x080007b0        0x2 build/stm32f4xx_it.o
                0x080007b0                UsageFault_Handler
 .text.SVC_Handler
                0x080007b2        0x2 build/stm32f4xx_it.o
                0x080007b2                SVC_Handler
 .text.DebugMon_Handler
                0x080007b4        0x2 build/stm32f4xx_it.o
                0x080007b4                DebugMon_Handler
 .text.PendSV_Handler
                0x080007b6        0x2 build/stm32f4xx_it.o
                0x080007b6                PendSV_Handler
 .text.SysTick_Handler
                0x080007b8        0x8 build/stm32f4xx_it.o
                0x080007b8                SysTick_Handler
 .text.HAL_MspInit
                0x080007c0       0x38 build/stm32f4xx_hal_msp.o
                0x080007c0                HAL_MspInit
 .text.HAL_RCC_OscConfig
                0x080007f8      0x3f8 build/stm32f4xx_hal_rcc.o
                0x080007f8                HAL_RCC_OscConfig
 .text.HAL_RCC_GetSysClockFreq
                0x08000bf0       0xdc build/stm32f4xx_hal_rcc.o
                0x08000bf0                HAL_RCC_GetSysClockFreq
 .text.HAL_RCC_ClockConfig
                0x08000ccc      0x160 build/stm32f4xx_hal_rcc.o
                0x08000ccc                HAL_RCC_ClockConfig
 .text.HAL_GPIO_Init
                0x08000e2c      0x208 build/stm32f4xx_hal_gpio.o
                0x08000e2c                HAL_GPIO_Init
 .text.HAL_GPIO_WritePin
                0x08001034        0xc build/stm32f4xx_hal_gpio.o
                0x08001034                HAL_GPIO_WritePin
 .text.__NVIC_SetPriority
                0x08001040       0x28 build/stm32f4xx_hal_cortex.o
 .text.NVIC_EncodePriority
                0x08001068       0x3e build/stm32f4xx_hal_cortex.o
 *fill*         0x080010a6        0x2 
 .text.HAL_NVIC_SetPriorityGrouping
                0x080010a8       0x24 build/stm32f4xx_hal_cortex.o
                0x080010a8                HAL_NVIC_SetPriorityGrouping
 .text.HAL_NVIC_SetPriority
                0x080010cc       0x20 build/stm32f4xx_hal_cortex.o
                0x080010cc                HAL_NVIC_SetPriority
 .text.HAL_SYSTICK_Config
                0x080010ec       0x28 build/stm32f4xx_hal_cortex.o
                0x080010ec                HAL_SYSTICK_Config
 .text.HAL_InitTick
                0x08001114       0x4c build/stm32f4xx_hal.o
                0x08001114                HAL_InitTick
 .text.HAL_Init
                0x08001160       0x34 build/stm32f4xx_hal.o
                0x08001160                HAL_Init
 .text.HAL_IncTick
                0x08001194       0x18 build/stm32f4xx_hal.o
                0x08001194                HAL_IncTick
 .text.HAL_GetTick
                0x080011ac        0xc build/stm32f4xx_hal.o
                0x080011ac                HAL_GetTick
 .text.SystemInit
                0x080011b8       0x14 build/system_stm32f4xx.o
                0x080011b8                SystemInit
 .text.Reset_Handler
                0x080011cc       0x50 build/startup_stm32f429xx.o
                0x080011cc                Reset_Handler
 .text.Default_Handler
                0x0800121c        0x2 build/startup_stm32f429xx.o
                0x0800121c                RTC_Alarm_IRQHandler
                0x0800121c                HASH_RNG_IRQHandler
                0x0800121c                EXTI2_IRQHandler
                0x0800121c                TIM8_CC_IRQHandler
                0x0800121c                UART8_IRQHandler
                0x0800121c                SPI4_IRQHandler
                0x0800121c                TIM1_CC_IRQHandler
                0x0800121c                DMA2_Stream5_IRQHandler
                0x0800121c                DMA1_Stream5_IRQHandler
                0x0800121c                PVD_IRQHandler
                0x0800121c                SDIO_IRQHandler
                0x0800121c                TAMP_STAMP_IRQHandler
                0x0800121c                CAN2_RX1_IRQHandler
                0x0800121c                EXTI3_IRQHandler
                0x0800121c                TIM8_TRG_COM_TIM14_IRQHandler
                0x0800121c                TIM1_UP_TIM10_IRQHandler
                0x0800121c                TIM8_UP_TIM13_IRQHandler
                0x0800121c                I2C3_ER_IRQHandler
                0x0800121c                EXTI0_IRQHandler
                0x0800121c                I2C2_EV_IRQHandler
                0x0800121c                DMA1_Stream2_IRQHandler
                0x0800121c                CAN1_RX0_IRQHandler
                0x0800121c                FPU_IRQHandler
                0x0800121c                OTG_HS_WKUP_IRQHandler
                0x0800121c                LTDC_ER_IRQHandler
                0x0800121c                CAN2_SCE_IRQHandler
                0x0800121c                DMA2_Stream2_IRQHandler
                0x0800121c                SPI1_IRQHandler
                0x0800121c                TIM6_DAC_IRQHandler
                0x0800121c                TIM1_BRK_TIM9_IRQHandler
                0x0800121c                DCMI_IRQHandler
                0x0800121c                CAN2_RX0_IRQHandler
                0x0800121c                DMA2_Stream3_IRQHandler
                0x0800121c                USART6_IRQHandler
                0x0800121c                USART3_IRQHandler
                0x0800121c                CAN1_RX1_IRQHandler
                0x0800121c                UART5_IRQHandler
                0x0800121c                DMA2_Stream0_IRQHandler
                0x0800121c                TIM4_IRQHandler
                0x0800121c                I2C1_EV_IRQHandler
                0x0800121c                DMA1_Stream6_IRQHandler
                0x0800121c                DMA1_Stream1_IRQHandler
                0x0800121c                UART4_IRQHandler
                0x0800121c                TIM3_IRQHandler
                0x0800121c                RCC_IRQHandler
                0x0800121c                TIM8_BRK_TIM12_IRQHandler
                0x0800121c                Default_Handler
                0x0800121c                EXTI15_10_IRQHandler
                0x0800121c                ADC_IRQHandler
                0x0800121c                DMA1_Stream7_IRQHandler
                0x0800121c                SPI5_IRQHandler
                0x0800121c                TIM7_IRQHandler
                0x0800121c                CAN2_TX_IRQHandler
                0x0800121c                TIM5_IRQHandler
                0x0800121c                DMA2_Stream7_IRQHandler
                0x0800121c                I2C3_EV_IRQHandler
                0x0800121c                EXTI9_5_IRQHandler
                0x0800121c                RTC_WKUP_IRQHandler
                0x0800121c                LTDC_IRQHandler
                0x0800121c                ETH_WKUP_IRQHandler
                0x0800121c                SPI2_IRQHandler
                0x0800121c                OTG_HS_EP1_IN_IRQHandler
                0x0800121c                DMA1_Stream0_IRQHandler
                0x0800121c                CAN1_TX_IRQHandler
                0x0800121c                EXTI4_IRQHandler
                0x0800121c                ETH_IRQHandler
                0x0800121c                OTG_HS_EP1_OUT_IRQHandler
                0x0800121c                WWDG_IRQHandler
                0x0800121c                SPI6_IRQHandler
                0x0800121c                TIM2_IRQHandler
                0x0800121c                OTG_FS_WKUP_IRQHandler
                0x0800121c                TIM1_TRG_COM_TIM11_IRQHandler
                0x0800121c                OTG_HS_IRQHandler
                0x0800121c                DMA2D_IRQHandler
                0x0800121c                EXTI1_IRQHandler
                0x0800121c                UART7_IRQHandler
                0x0800121c                USART2_IRQHandler
                0x0800121c                I2C2_ER_IRQHandler
                0x0800121c                DMA2_Stream1_IRQHandler
                0x0800121c                CAN1_SCE_IRQHandler
                0x0800121c                FLASH_IRQHandler
                0x0800121c                DMA2_Stream4_IRQHandler
                0x0800121c                USART1_IRQHandler
                0x0800121c                OTG_FS_IRQHandler
                0x0800121c                SPI3_IRQHandler
                0x0800121c                DMA1_Stream4_IRQHandler
                0x0800121c                I2C1_ER_IRQHandler
                0x0800121c                FMC_IRQHandler
                0x0800121c                DMA2_Stream6_IRQHandler
                0x0800121c                SAI1_IRQHandler
                0x0800121c                DMA1_Stream3_IRQHandler
 *(.glue_7)
 .glue_7        0x0800121e        0x0 linker stubs
 *(.glue_7t)
 .glue_7t       0x0800121e        0x0 linker stubs
 *(.eh_frame)
 *fill*         0x0800121e        0x2 
 .eh_frame      0x08001220        0x0 /usr/lib/gcc/arm-none-eabi/13.2.1/thumb/v7e-m+fp/hard/crtbegin.o
 *(.init)
 .init          0x08001220        0x4 /usr/lib/gcc/arm-none-eabi/13.2.1/thumb/v7e-m+fp/hard/crti.o
                0x08001220                _init
 .init          0x08001224        0x8 /usr/lib/gcc/arm-none-eabi/13.2.1/thumb/v7e-m+fp/hard/crtn.o
 *(.fini)
 .fini          0x0800122c        0x4 /usr/lib/gcc/arm-none-eabi/13.2.1/thumb/v7e-m+fp/hard/crti.o
                0x0800122c                _fini
 .fini          0x08001230        0x8 /usr/lib/gcc/arm-none-eabi/13.2.1/thumb/v7e-m+fp/hard/crtn.o
                0x08001238                        . = ALIGN (0x4)
                0x08001238                        _etext = .

.vfp11_veneer   0x08001238        0x0
 .vfp11_veneer  0x08001238        0x0 linker stubs

.v4_bx          0x08001238        0x0
 .v4_bx         0x08001238        0x0 linker stubs

.iplt           0x08001238        0x0
 .iplt          0x08001238        0x0 /usr/lib/gcc/arm-none-eabi/13.2.1/thumb/v7e-m+fp/hard/crtbegin.o

.rodata         0x08001238       0x10
                0x08001238                        . = ALIGN (0x4)
 *(.rodata)
 *(.rodata*)
 .rodata.AHBPrescTable
                0x08001238       0x10 build/system_stm32f4xx.o
                0x08001238                AHBPrescTable
                0x08001248                        . = ALIGN (0x4)

.ARM.extab
 *(.ARM.extab* .gnu.linkonce.armextab.*)

.ARM            0x08001248        0x8
                0x08001248                        __exidx_start = .
 *(.ARM.exidx*)
 .ARM.exidx     0x08001248        0x8 /usr/lib/gcc/arm-none-eabi/13.2.1/thumb/v7e-m+fp/hard/libgcc.a(_udivmoddi4.o)
                0x08001250                        __exidx_end = .

.rel.dyn        0x08001250        0x0
 .rel.iplt      0x08001250        0x0 /usr/lib/gcc/arm-none-eabi/13.2.1/thumb/v7e-m+fp/hard/crtbegin.o

.preinit_array  0x08001250        0x0
                0x08001250                        PROVIDE (__preinit_array_start = .)
 *(.preinit_array*)
                0x08001250                        PROVIDE (__preinit_array_end = .)

.init_array     0x08001250        0x4
                0x08001250                        PROVIDE (__init_array_start = .)
 *(SORT_BY_NAME(.init_array.*))
 *(.init_array*)
 .init_array    0x08001250        0x4 /usr/lib/gcc/arm-none-eabi/13.2.1/thumb/v7e-m+fp/hard/crtbegin.o
                0x08001254                        PROVIDE (__init_array_end = .)

.fini_array     0x08001254        0x4
                0x08001254                        PROVIDE (__fini_array_start = .)
 *(SORT_BY_NAME(.fini_array.*))
 *(.fini_array*)
 .fini_array    0x08001254        0x4 /usr/lib/gcc/arm-none-eabi/13.2.1/thumb/v7e-m+fp/hard/crtbegin.o
                0x08001258                        PROVIDE (__fini_array_end = .)
                0x08001258                        _sidata = LOADADDR (.data)

.data           0x20000000        0xc load address 0x08001258
                0x20000000                        . = ALIGN (0x4)
                0x20000000                        _sdata = .
 *(.data)
 *(.data*)
 .data.uwTickFreq
                0x20000000        0x1 build/stm32f4xx_hal.o
                0x20000000                uwTickFreq
 *fill*         0x20000001        0x3 
 .data.uwTickPrio
                0x20000004        0x4 build/stm32f4xx_hal.o
                0x20000004                uwTickPrio
 .data.SystemCoreClock
                0x20000008        0x4 build/system_stm32f4xx.o
                0x20000008                SystemCoreClock
                0x2000000c                        . = ALIGN (0x4)
                0x2000000c                        _edata = .
                0x08001264                        _siccmram = LOADADDR (.ccmram)

.tm_clone_table
                0x2000000c        0x0 load address 0x08001264
 .tm_clone_table
                0x2000000c        0x0 /usr/lib/gcc/arm-none-eabi/13.2.1/thumb/v7e-m+fp/hard/crtbegin.o
 .tm_clone_table
                0x2000000c        0x0 /usr/lib/gcc/arm-none-eabi/13.2.1/thumb/v7e-m+fp/hard/crtend.o

.igot.plt       0x2000000c        0x0 load address 0x08001264
 .igot.plt      0x2000000c        0x0 /usr/lib/gcc/arm-none-eabi/13.2.1/thumb/v7e-m+fp/hard/crtbegin.o

.ccmram         0x10000000        0x0 load address 0x08001264
                0x10000000                        . = ALIGN (0x4)
                0x10000000                        _sccmram = .
 *(.ccmram)
 *(.ccmram*)
                0x10000000                        . = ALIGN (0x4)
                0x10000000                        _eccmram = .
                0x10000000                        . = ALIGN (0x4)

.bss            0x2000000c       0x20
                0x2000000c                        _sbss = .
                0x2000000c                        __bss_start__ = _sbss
 *(.bss)
 .bss           0x2000000c       0x1c /usr/lib/gcc/arm-none-eabi/13.2.1/thumb/v7e-m+fp/hard/crtbegin.o
 *(.bss*)
 .bss.uwTick    0x20000028        0x4 build/stm32f4xx_hal.o
                0x20000028                uwTick
 *(COMMON)
                0x2000002c                        . = ALIGN (0x4)
                0x2000002c                        _ebss = .
                0x2000002c                        __bss_end__ = _ebss

._user_heap_stack
                0x2000002c      0x604
                0x20000030                        . = ALIGN (0x8)
 *fill*         0x2000002c        0x4 
                0x20000030                        PROVIDE (end = .)
                [!provide]                        PROVIDE (_end = .)
                0x20000230                        . = (. + _Min_Heap_Size)
 *fill*         0x20000030      0x200 
                0x20000630                        . = (. + _Min_Stack_Size)
 *fill*         0x20000230      0x400 
                0x20000630                        . = ALIGN (0x8)

/DISCARD/
 libc.a(*)
 libm.a(*)
 libgcc.a(*)

.ARM.attributes
                0x00000000       0x30
 *(.ARM.attributes)
 .ARM.attributes
                0x00000000       0x22 /usr/lib/gcc/arm-none-eabi/13.2.1/thumb/v7e-m+fp/hard/crti.o
 .ARM.attributes
                0x00000022       0x34 /usr/lib/gcc/arm-none-eabi/13.2.1/thumb/v7e-m+fp/hard/crtbegin.o
 .ARM.attributes
                0x00000056       0x34 build/main.o
 .ARM.attributes
                0x0000008a       0x34 build/gpio.o
 .ARM.attributes
                0x000000be       0x34 build/stm32f4xx_it.o
 .ARM.attributes
                0x000000f2       0x34 build/stm32f4xx_hal_msp.o
 .ARM.attributes
                0x00000126       0x34 build/stm32f4xx_hal_rcc.o
 .ARM.attributes
                0x0000015a       0x34 build/stm32f4xx_hal_gpio.o
 .ARM.attributes
                0x0000018e       0x34 build/stm32f4xx_hal_cortex.o
 .ARM.attributes
                0x000001c2       0x34 build/stm32f4xx_hal.o
 .ARM.attributes
                0x000001f6       0x34 build/system_stm32f4xx.o
 .ARM.attributes
                0x0000022a       0x21 build/startup_stm32f429xx.o
 .ARM.attributes
                0x0000024b       0x34 /usr/lib/gcc/arm-none-eabi/13.2.1/../../../arm-none-eabi/lib/thumb/v7e-m+fp/hard/libc_nano.a(libc_a-init.o)
 .ARM.attributes
                0x0000027f       0x34 /usr/lib/gcc/arm-none-eabi/13.2.1/../../../arm-none-eabi/lib/thumb/v7e-m+fp/hard/libc_nano.a(libc_a-memset.o)
 .ARM.attributes
                0x000002b3       0x22 /usr/lib/gcc/arm-none-eabi/13.2.1/thumb/v7e-m+fp/hard/libgcc.a(_aeabi_uldivmod.o)
 .ARM.attributes
                0x000002d5       0x34 /usr/lib/gcc/arm-none-eabi/13.2.1/thumb/v7e-m+fp/hard/libgcc.a(_udivmoddi4.o)
 .ARM.attributes
                0x00000309       0x22 /usr/lib/gcc/arm-none-eabi/13.2.1/thumb/v7e-m+fp/hard/libgcc.a(_dvmd_tls.o)
 .ARM.attributes
                0x0000032b       0x34 /usr/lib/gcc/arm-none-eabi/13.2.1/thumb/v7e-m+fp/hard/crtend.o
 .ARM.attributes
                0x0000035f       0x22 /usr/lib/gcc/arm-none-eabi/13.2.1/thumb/v7e-m+fp/hard/crtn.o
OUTPUT(build/f429_first.elf elf32-littlearm)
LOAD linker stubs
LOAD /usr/lib/gcc/arm-none-eabi/13.2.1/../../../arm-none-eabi/lib/thumb/v7e-m+fp/hard/libc.a
LOAD /usr/lib/gcc/arm-none-eabi/13.2.1/../../../arm-none-eabi/lib/thumb/v7e-m+fp/hard/libm.a
LOAD /usr/lib/gcc/arm-none-eabi/13.2.1/thumb/v7e-m+fp/hard/libgcc.a

.comment        0x00000000       0x26
 .comment       0x00000000       0x26 /usr/lib/gcc/arm-none-eabi/13.2.1/thumb/v7e-m+fp/hard/crtbegin.o
                                 0x27 (size before relaxing)
 .comment       0x00000026       0x27 build/main.o
 .comment       0x00000026       0x27 build/gpio.o
 .comment       0x00000026       0x27 build/stm32f4xx_it.o
 .comment       0x00000026       0x27 build/stm32f4xx_hal_msp.o
 .comment       0x00000026       0x27 build/stm32f4xx_hal_rcc.o
 .comment       0x00000026       0x27 build/stm32f4xx_hal_gpio.o
 .comment       0x00000026       0x27 build/stm32f4xx_hal_cortex.o
 .comment       0x00000026       0x27 build/stm32f4xx_hal.o
 .comment       0x00000026       0x27 build/system_stm32f4xx.o
 .comment       0x00000026       0x27 /usr/lib/gcc/arm-none-eabi/13.2.1/../../../arm-none-eabi/lib/thumb/v7e-m+fp/hard/libc_nano.a(libc_a-init.o)
 .comment       0x00000026       0x27 /usr/lib/gcc/arm-none-eabi/13.2.1/../../../arm-none-eabi/lib/thumb/v7e-m+fp/hard/libc_nano.a(libc_a-memset.o)
 .comment       0x00000026       0x27 /usr/lib/gcc/arm-none-eabi/13.2.1/thumb/v7e-m+fp/hard/libgcc.a(_udivmoddi4.o)
 .comment       0x00000026       0x27 /usr/lib/gcc/arm-none-eabi/13.2.1/thumb/v7e-m+fp/hard/crtend.o

.debug_info     0x00000000     0x51b8
 .debug_info    0x00000000      0x6b9 build/main.o
 .debug_info    0x000006b9      0x57d build/gpio.o
 .debug_info    0x00000c36      0x157 build/stm32f4xx_it.o
 .debug_info    0x00000d8d      0x301 build/stm32f4xx_hal_msp.o
 .debug_info    0x0000108e      0xbfc build/stm32f4xx_hal_rcc.o
 .debug_info    0x00001c8a      0x846 build/stm32f4xx_hal_gpio.o
 .debug_info    0x000024d0     0x11f2 build/stm32f4xx_hal_cortex.o
 .debug_info    0x000036c2      0xb74 build/stm32f4xx_hal.o
 .debug_info    0x00004236      0x5bd build/system_stm32f4xx.o
 .debug_info    0x000047f3       0x30 build/startup_stm32f429xx.o
 .debug_info    0x00004823      0x10b /usr/lib/gcc/arm-none-eabi/13.2.1/../../../arm-none-eabi/lib/thumb/v7e-m+fp/hard/libc_nano.a(libc_a-init.o)
 .debug_info    0x0000492e      0x135 /usr/lib/gcc/arm-none-eabi/13.2.1/../../../arm-none-eabi/lib/thumb/v7e-m+fp/hard/libc_nano.a(libc_a-memset.o)
 .debug_info    0x00004a63       0x24 /usr/lib/gcc/arm-none-eabi/13.2.1/thumb/v7e-m+fp/hard/libgcc.a(_aeabi_uldivmod.o)
 .debug_info    0x00004a87      0x6f5 /usr/lib/gcc/arm-none-eabi/13.2.1/thumb/v7e-m+fp/hard/libgcc.a(_udivmoddi4.o)
 .debug_info    0x0000517c       0x3c /usr/lib/gcc/arm-none-eabi/13.2.1/thumb/v7e-m+fp/hard/libgcc.a(_dvmd_tls.o)

.debug_abbrev   0x00000000     0x149d
 .debug_abbrev  0x00000000      0x233 build/main.o
 .debug_abbrev  0x00000233      0x1a4 build/gpio.o
 .debug_abbrev  0x000003d7       0x80 build/stm32f4xx_it.o
 .debug_abbrev  0x00000457       0xd3 build/stm32f4xx_hal_msp.o
 .debug_abbrev  0x0000052a      0x2de build/stm32f4xx_hal_rcc.o
 .debug_abbrev  0x00000808      0x22b build/stm32f4xx_hal_gpio.o
 .debug_abbrev  0x00000a33      0x3ca build/stm32f4xx_hal_cortex.o
 .debug_abbrev  0x00000dfd      0x244 build/stm32f4xx_hal.o
 .debug_abbrev  0x00001041      0x11b build/system_stm32f4xx.o
 .debug_abbrev  0x0000115c       0x1d build/startup_stm32f429xx.o
 .debug_abbrev  0x00001179       0xc9 /usr/lib/gcc/arm-none-eabi/13.2.1/../../../arm-none-eabi/lib/thumb/v7e-m+fp/hard/libc_nano.a(libc_a-init.o)
 .debug_abbrev  0x00001242       0xb7 /usr/lib/gcc/arm-none-eabi/13.2.1/../../../arm-none-eabi/lib/thumb/v7e-m+fp/hard/libc_nano.a(libc_a-memset.o)
 .debug_abbrev  0x000012f9       0x14 /usr/lib/gcc/arm-none-eabi/13.2.1/thumb/v7e-m+fp/hard/libgcc.a(_aeabi_uldivmod.o)
 .debug_abbrev  0x0000130d      0x16a /usr/lib/gcc/arm-none-eabi/13.2.1/thumb/v7e-m+fp/hard/libgcc.a(_udivmoddi4.o)
 .debug_abbrev  0x00001477       0x26 /usr/lib/gcc/arm-none-eabi/13.2.1/thumb/v7e-m+fp/hard/libgcc.a(_dvmd_tls.o)

.debug_loc      0x00000000     0x1baa
 .debug_loc     0x00000000       0xa4 build/main.o
 .debug_loc     0x000000a4      0x116 build/gpio.o
 .debug_loc     0x000001ba       0x20 build/stm32f4xx_it.o
 .debug_loc     0x000001da       0x2c build/stm32f4xx_hal_msp.o
 .debug_loc     0x00000206      0x720 build/stm32f4xx_hal_rcc.o
 .debug_loc     0x00000926      0x60b build/stm32f4xx_hal_gpio.o
 .debug_loc     0x00000f31      0x8ff build/stm32f4xx_hal_cortex.o
 .debug_loc     0x00001830      0x1f9 build/stm32f4xx_hal.o
 .debug_loc     0x00001a29      0x181 build/system_stm32f4xx.o

.debug_aranges  0x00000000      0x4a0
 .debug_aranges
                0x00000000       0x30 build/main.o
 .debug_aranges
                0x00000030       0x28 build/gpio.o
 .debug_aranges
                0x00000058       0x60 build/stm32f4xx_it.o
 .debug_aranges
                0x000000b8       0x20 build/stm32f4xx_hal_msp.o
 .debug_aranges
                0x000000d8       0x88 build/stm32f4xx_hal_rcc.o
 .debug_aranges
                0x00000160       0x58 build/stm32f4xx_hal_gpio.o
 .debug_aranges
                0x000001b8       0xf8 build/stm32f4xx_hal_cortex.o
 .debug_aranges
                0x000002b0      0x100 build/stm32f4xx_hal.o
 .debug_aranges
                0x000003b0       0x28 build/system_stm32f4xx.o
 .debug_aranges
                0x000003d8       0x28 build/startup_stm32f429xx.o
 .debug_aranges
                0x00000400       0x20 /usr/lib/gcc/arm-none-eabi/13.2.1/../../../arm-none-eabi/lib/thumb/v7e-m+fp/hard/libc_nano.a(libc_a-init.o)
 .debug_aranges
                0x00000420       0x20 /usr/lib/gcc/arm-none-eabi/13.2.1/../../../arm-none-eabi/lib/thumb/v7e-m+fp/hard/libc_nano.a(libc_a-memset.o)
 .debug_aranges
                0x00000440       0x20 /usr/lib/gcc/arm-none-eabi/13.2.1/thumb/v7e-m+fp/hard/libgcc.a(_aeabi_uldivmod.o)
 .debug_aranges
                0x00000460       0x20 /usr/lib/gcc/arm-none-eabi/13.2.1/thumb/v7e-m+fp/hard/libgcc.a(_udivmoddi4.o)
 .debug_aranges
                0x00000480       0x20 /usr/lib/gcc/arm-none-eabi/13.2.1/thumb/v7e-m+fp/hard/libgcc.a(_dvmd_tls.o)

.debug_ranges   0x00000000      0x380
 .debug_ranges  0x00000000       0x20 build/main.o
 .debug_ranges  0x00000020       0x18 build/gpio.o
 .debug_ranges  0x00000038       0x50 build/stm32f4xx_it.o
 .debug_ranges  0x00000088       0x10 build/stm32f4xx_hal_msp.o
 .debug_ranges  0x00000098       0x90 build/stm32f4xx_hal_rcc.o
 .debug_ranges  0x00000128       0x48 build/stm32f4xx_hal_gpio.o
 .debug_ranges  0x00000170       0xe8 build/stm32f4xx_hal_cortex.o
 .debug_ranges  0x00000258       0xf0 build/stm32f4xx_hal.o
 .debug_ranges  0x00000348       0x18 build/system_stm32f4xx.o
 .debug_ranges  0x00000360       0x20 build/startup_stm32f429xx.o

.debug_line     0x00000000     0x2fbf
 .debug_line    0x00000000      0x2a2 build/main.o
 .debug_line    0x000002a2      0x162 build/gpio.o
 .debug_line    0x00000404      0x13d build/stm32f4xx_it.o
 .debug_line    0x00000541       0xd2 build/stm32f4xx_hal_msp.o
 .debug_line    0x00000613      0xb39 build/stm32f4xx_hal_rcc.o
 .debug_line    0x0000114c      0x698 build/stm32f4xx_hal_gpio.o
 .debug_line    0x000017e4      0x7a5 build/stm32f4xx_hal_cortex.o
 .debug_line    0x00001f89      0x51a build/stm32f4xx_hal.o
 .debug_line    0x000024a3      0x1c9 build/system_stm32f4xx.o
 .debug_line    0x0000266c       0x73 build/startup_stm32f429xx.o
 .debug_line    0x000026df      0x11e /usr/lib/gcc/arm-none-eabi/13.2.1/../../../arm-none-eabi/lib/thumb/v7e-m+fp/hard/libc_nano.a(libc_a-init.o)
 .debug_line    0x000027fd      0x1b6 /usr/lib/gcc/arm-none-eabi/13.2.1/../../../arm-none-eabi/lib/thumb/v7e-m+fp/hard/libc_nano.a(libc_a-memset.o)
 .debug_line    0x000029b3       0x4e /usr/lib/gcc/arm-none-eabi/13.2.1/thumb/v7e-m+fp/hard/libgcc.a(_aeabi_uldivmod.o)
 .debug_line    0x00002a01      0x574 /usr/lib/gcc/arm-none-eabi/13.2.1/thumb/v7e-m+fp/hard/libgcc.a(_udivmoddi4.o)
 .debug_line    0x00002f75       0x4a /usr/lib/gcc/arm-none-eabi/13.2.1/thumb/v7e-m+fp/hard/libgcc.a(_dvmd_tls.o)

.debug_str      0x00000000     0x1f4b
 .debug_str     0x00000000     0x1f4b build/main.o
                                0x46d (size before relaxing)
 .debug_str     0x00001f4b      0x376 build/gpio.o
 .debug_str     0x00001f4b      0x201 build/stm32f4xx_it.o
 .debug_str     0x00001f4b      0x295 build/stm32f4xx_hal_msp.o
 .debug_str     0x00001f4b      0x6c0 build/stm32f4xx_hal_rcc.o
 .debug_str     0x00001f4b      0x4a5 build/stm32f4xx_hal_gpio.o
 .debug_str     0x00001f4b      0xc8c build/stm32f4xx_hal_cortex.o
 .debug_str     0x00001f4b      0xbdd build/stm32f4xx_hal.o
 .debug_str     0x00001f4b      0x345 build/system_stm32f4xx.o
 .debug_str     0x00001f4b       0x52 build/startup_stm32f429xx.o
 .debug_str     0x00001f4b      0x1fa /usr/lib/gcc/arm-none-eabi/13.2.1/../../../arm-none-eabi/lib/thumb/v7e-m+fp/hard/libc_nano.a(libc_a-init.o)
 .debug_str     0x00001f4b      0x1ad /usr/lib/gcc/arm-none-eabi/13.2.1/../../../arm-none-eabi/lib/thumb/v7e-m+fp/hard/libc_nano.a(libc_a-memset.o)
 .debug_str     0x00001f4b       0xa3 /usr/lib/gcc/arm-none-eabi/13.2.1/thumb/v7e-m+fp/hard/libgcc.a(_aeabi_uldivmod.o)
 .debug_str     0x00001f4b      0x685 /usr/lib/gcc/arm-none-eabi/13.2.1/thumb/v7e-m+fp/hard/libgcc.a(_udivmoddi4.o)
 .debug_str     0x00001f4b       0xc3 /usr/lib/gcc/arm-none-eabi/13.2.1/thumb/v7e-m+fp/hard/libgcc.a(_dvmd_tls.o)

.debug_frame    0x00000000      0x8bc
 .debug_frame   0x00000000       0x58 build/main.o
 .debug_frame   0x00000058       0x48 build/gpio.o
 .debug_frame   0x000000a0       0xa8 build/stm32f4xx_it.o
 .debug_frame   0x00000148       0x28 build/stm32f4xx_hal_msp.o
 .debug_frame   0x00000170      0x16c build/stm32f4xx_hal_rcc.o
 .debug_frame   0x000002dc       0xd8 build/stm32f4xx_hal_gpio.o
 .debug_frame   0x000003b4      0x214 build/stm32f4xx_hal_cortex.o
 .debug_frame   0x000005c8      0x20c build/stm32f4xx_hal.o
 .debug_frame   0x000007d4       0x30 build/system_stm32f4xx.o
 .debug_frame   0x00000804       0x2c /usr/lib/gcc/arm-none-eabi/13.2.1/../../../arm-none-eabi/lib/thumb/v7e-m+fp/hard/libc_nano.a(libc_a-init.o)
 .debug_frame   0x00000830       0x2c /usr/lib/gcc/arm-none-eabi/13.2.1/../../../arm-none-eabi/lib/thumb/v7e-m+fp/hard/libc_nano.a(libc_a-memset.o)
 .debug_frame   0x0000085c       0x2c /usr/lib/gcc/arm-none-eabi/13.2.1/thumb/v7e-m+fp/hard/libgcc.a(_aeabi_uldivmod.o)
 .debug_frame   0x00000888       0x34 /usr/lib/gcc/arm-none-eabi/13.2.1/thumb/v7e-m+fp/hard/libgcc.a(_udivmoddi4.o)

.debug_loclists
                0x00000000      0xc0b
 .debug_loclists
                0x00000000       0x65 /usr/lib/gcc/arm-none-eabi/13.2.1/../../../arm-none-eabi/lib/thumb/v7e-m+fp/hard/libc_nano.a(libc_a-init.o)
 .debug_loclists
                0x00000065      0x1c2 /usr/lib/gcc/arm-none-eabi/13.2.1/../../../arm-none-eabi/lib/thumb/v7e-m+fp/hard/libc_nano.a(libc_a-memset.o)
 .debug_loclists
                0x00000227      0x9e4 /usr/lib/gcc/arm-none-eabi/13.2.1/thumb/v7e-m+fp/hard/libgcc.a(_udivmoddi4.o)

.debug_line_str
                0x00000000       0xa3
 .debug_line_str
                0x00000000       0xa3 /usr/lib/gcc/arm-none-eabi/13.2.1/thumb/v7e-m+fp/hard/libgcc.a(_aeabi_uldivmod.o)
                                 0x97 (size before relaxing)
 .debug_line_str
                0x000000a3       0x9b /usr/lib/gcc/arm-none-eabi/13.2.1/thumb/v7e-m+fp/hard/libgcc.a(_dvmd_tls.o)

.debug_rnglists
                0x00000000       0x84
 .debug_rnglists
                0x00000000       0x84 /usr/lib/gcc/arm-none-eabi/13.2.1/thumb/v7e-m+fp/hard/libgcc.a(_udivmoddi4.o)

Cross Reference Table

Symbol                                            File
ADC_IRQHandler                                    build/startup_stm32f429xx.o
AHBPrescTable                                     build/system_stm32f4xx.o
                                                  build/stm32f4xx_hal_rcc.o
APBPrescTable                                     build/system_stm32f4xx.o
                                                  build/stm32f4xx_hal_rcc.o
BusFault_Handler                                  build/stm32f4xx_it.o
CAN1_RX0_IRQHandler                               build/startup_stm32f429xx.o
CAN1_RX1_IRQHandler                               build/startup_stm32f429xx.o
CAN1_SCE_IRQHandler                               build/startup_stm32f429xx.o
CAN1_TX_IRQHandler                                build/startup_stm32f429xx.o
CAN2_RX0_IRQHandler                               build/startup_stm32f429xx.o
CAN2_RX1_IRQHandler                               build/startup_stm32f429xx.o
CAN2_SCE_IRQHandler                               build/startup_stm32f429xx.o
CAN2_TX_IRQHandler                                build/startup_stm32f429xx.o
DCMI_IRQHandler                                   build/startup_stm32f429xx.o
DMA1_Stream0_IRQHandler                           build/startup_stm32f429xx.o
DMA1_Stream1_IRQHandler                           build/startup_stm32f429xx.o
DMA1_Stream2_IRQHandler                           build/startup_stm32f429xx.o
DMA1_Stream3_IRQHandler                           build/startup_stm32f429xx.o
DMA1_Stream4_IRQHandler                           build/startup_stm32f429xx.o
DMA1_Stream5_IRQHandler                           build/startup_stm32f429xx.o
DMA1_Stream6_IRQHandler                           build/startup_stm32f429xx.o
DMA1_Stream7_IRQHandler                           build/startup_stm32f429xx.o
DMA2D_IRQHandler                                  build/startup_stm32f429xx.o
DMA2_Stream0_IRQHandler                           build/startup_stm32f429xx.o
DMA2_Stream1_IRQHandler                           build/startup_stm32f429xx.o
DMA2_Stream2_IRQHandler                           build/startup_stm32f429xx.o
DMA2_Stream3_IRQHandler                           build/startup_stm32f429xx.o
DMA2_Stream4_IRQHandler                           build/startup_stm32f429xx.o
DMA2_Stream5_IRQHandler                           build/startup_stm32f429xx.o
DMA2_Stream6_IRQHandler                           build/startup_stm32f429xx.o
DMA2_Stream7_IRQHandler                           build/startup_stm32f429xx.o
DebugMon_Handler                                  build/stm32f4xx_it.o
Default_Handler                                   build/startup_stm32f429xx.o
ETH_IRQHandler                                    build/startup_stm32f429xx.o
ETH_WKUP_IRQHandler                               build/startup_stm32f429xx.o
EXTI0_IRQHandler                                  build/startup_stm32f429xx.o
EXTI15_10_IRQHandler                              build/startup_stm32f429xx.o
EXTI1_IRQHandler                                  build/startup_stm32f429xx.o
EXTI2_IRQHandler                                  build/startup_stm32f429xx.o
EXTI3_IRQHandler                                  build/startup_stm32f429xx.o
EXTI4_IRQHandler                                  build/startup_stm32f429xx.o
EXTI9_5_IRQHandler                                build/startup_stm32f429xx.o
Error_Handler                                     build/main.o
FLASH_Erase_Sector                                build/stm32f4xx_hal_flash_ex.o
                                                  build/stm32f4xx_hal_flash.o
FLASH_FlushCaches                                 build/stm32f4xx_hal_flash_ex.o
                                                  build/stm32f4xx_hal_flash.o
FLASH_IRQHandler                                  build/startup_stm32f429xx.o
FLASH_WaitForLastOperation                        build/stm32f4xx_hal_flash.o
                                                  build/stm32f4xx_hal_flash_ex.o
FMC_IRQHandler                                    build/startup_stm32f429xx.o
FPU_IRQHandler                                    build/startup_stm32f429xx.o
HAL_CORTEX_ClearEvent                             build/stm32f4xx_hal_cortex.o
HAL_DBGMCU_DisableDBGSleepMode                    build/stm32f4xx_hal.o
HAL_DBGMCU_DisableDBGStandbyMode                  build/stm32f4xx_hal.o
HAL_DBGMCU_DisableDBGStopMode                     build/stm32f4xx_hal.o
HAL_DBGMCU_EnableDBGSleepMode                     build/stm32f4xx_hal.o
HAL_DBGMCU_EnableDBGStandbyMode                   build/stm32f4xx_hal.o
HAL_DBGMCU_EnableDBGStopMode                      build/stm32f4xx_hal.o
HAL_DMAEx_ChangeMemory                            build/stm32f4xx_hal_dma_ex.o
HAL_DMAEx_MultiBufferStart                        build/stm32f4xx_hal_dma_ex.o
HAL_DMAEx_MultiBufferStart_IT                     build/stm32f4xx_hal_dma_ex.o
HAL_DMA_Abort                                     build/stm32f4xx_hal_dma.o
HAL_DMA_Abort_IT                                  build/stm32f4xx_hal_dma.o
HAL_DMA_DeInit                                    build/stm32f4xx_hal_dma.o
HAL_DMA_GetError                                  build/stm32f4xx_hal_dma.o
HAL_DMA_GetState                                  build/stm32f4xx_hal_dma.o
HAL_DMA_IRQHandler                                build/stm32f4xx_hal_dma.o
HAL_DMA_Init                                      build/stm32f4xx_hal_dma.o
HAL_DMA_PollForTransfer                           build/stm32f4xx_hal_dma.o
HAL_DMA_RegisterCallback                          build/stm32f4xx_hal_dma.o
HAL_DMA_Start                                     build/stm32f4xx_hal_dma.o
HAL_DMA_Start_IT                                  build/stm32f4xx_hal_dma.o
HAL_DMA_UnRegisterCallback                        build/stm32f4xx_hal_dma.o
HAL_DeInit                                        build/stm32f4xx_hal.o
HAL_Delay                                         build/stm32f4xx_hal.o
HAL_DisableCompensationCell                       build/stm32f4xx_hal.o
HAL_DisableMemorySwappingBank                     build/stm32f4xx_hal.o
HAL_EXTI_ClearConfigLine                          build/stm32f4xx_hal_exti.o
HAL_EXTI_ClearPending                             build/stm32f4xx_hal_exti.o
HAL_EXTI_GenerateSWI                              build/stm32f4xx_hal_exti.o
HAL_EXTI_GetConfigLine                            build/stm32f4xx_hal_exti.o
HAL_EXTI_GetHandle                                build/stm32f4xx_hal_exti.o
HAL_EXTI_GetPending                               build/stm32f4xx_hal_exti.o
HAL_EXTI_IRQHandler                               build/stm32f4xx_hal_exti.o
HAL_EXTI_RegisterCallback                         build/stm32f4xx_hal_exti.o
HAL_EXTI_SetConfigLine                            build/stm32f4xx_hal_exti.o
HAL_EnableCompensationCell                        build/stm32f4xx_hal.o
HAL_EnableMemorySwappingBank                      build/stm32f4xx_hal.o
HAL_FLASHEx_AdvOBGetConfig                        build/stm32f4xx_hal_flash_ex.o
HAL_FLASHEx_AdvOBProgram                          build/stm32f4xx_hal_flash_ex.o
HAL_FLASHEx_Erase                                 build/stm32f4xx_hal_flash_ex.o
HAL_FLASHEx_Erase_IT                              build/stm32f4xx_hal_flash_ex.o
HAL_FLASHEx_OBGetConfig                           build/stm32f4xx_hal_flash_ex.o
HAL_FLASHEx_OBProgram                             build/stm32f4xx_hal_flash_ex.o
HAL_FLASHEx_OB_DeSelectPCROP                      build/stm32f4xx_hal_flash_ex.o
HAL_FLASHEx_OB_GetBank2WRP                        build/stm32f4xx_hal_flash_ex.o
HAL_FLASHEx_OB_SelectPCROP                        build/stm32f4xx_hal_flash_ex.o
HAL_FLASH_EndOfOperationCallback                  build/stm32f4xx_hal_flash.o
HAL_FLASH_GetError                                build/stm32f4xx_hal_flash.o
HAL_FLASH_IRQHandler                              build/stm32f4xx_hal_flash.o
HAL_FLASH_Lock                                    build/stm32f4xx_hal_flash.o
HAL_FLASH_OB_Launch                               build/stm32f4xx_hal_flash.o
HAL_FLASH_OB_Lock                                 build/stm32f4xx_hal_flash.o
HAL_FLASH_OB_Unlock                               build/stm32f4xx_hal_flash.o
HAL_FLASH_OperationErrorCallback                  build/stm32f4xx_hal_flash.o
HAL_FLASH_Program                                 build/stm32f4xx_hal_flash.o
HAL_FLASH_Program_IT                              build/stm32f4xx_hal_flash.o
HAL_FLASH_Unlock                                  build/stm32f4xx_hal_flash.o
HAL_GPIO_DeInit                                   build/stm32f4xx_hal_gpio.o
HAL_GPIO_EXTI_Callback                            build/stm32f4xx_hal_gpio.o
HAL_GPIO_EXTI_IRQHandler                          build/stm32f4xx_hal_gpio.o
HAL_GPIO_Init                                     build/stm32f4xx_hal_gpio.o
                                                  build/stm32f4xx_hal_rcc.o
                                                  build/gpio.o
HAL_GPIO_LockPin                                  build/stm32f4xx_hal_gpio.o
HAL_GPIO_ReadPin                                  build/stm32f4xx_hal_gpio.o
HAL_GPIO_TogglePin                                build/stm32f4xx_hal_gpio.o
HAL_GPIO_WritePin                                 build/stm32f4xx_hal_gpio.o
                                                  build/gpio.o
HAL_GetDEVID                                      build/stm32f4xx_hal.o
HAL_GetHalVersion                                 build/stm32f4xx_hal.o
HAL_GetREVID                                      build/stm32f4xx_hal.o
HAL_GetTick                                       build/stm32f4xx_hal.o
                                                  build/stm32f4xx_hal_pwr_ex.o
                                                  build/stm32f4xx_hal_dma.o
                                                  build/stm32f4xx_hal_flash.o
                                                  build/stm32f4xx_hal_rcc_ex.o
                                                  build/stm32f4xx_hal_rcc.o
HAL_GetTickFreq                                   build/stm32f4xx_hal.o
HAL_GetTickPrio                                   build/stm32f4xx_hal.o
HAL_GetUIDw0                                      build/stm32f4xx_hal.o
HAL_GetUIDw1                                      build/stm32f4xx_hal.o
HAL_GetUIDw2                                      build/stm32f4xx_hal.o
HAL_IncTick                                       build/stm32f4xx_hal.o
                                                  build/stm32f4xx_it.o
HAL_Init                                          build/stm32f4xx_hal.o
                                                  build/main.o
HAL_InitTick                                      build/stm32f4xx_hal.o
                                                  build/stm32f4xx_hal_rcc_ex.o
                                                  build/stm32f4xx_hal_rcc.o
HAL_MPU_ConfigRegion                              build/stm32f4xx_hal_cortex.o
HAL_MPU_Disable                                   build/stm32f4xx_hal_cortex.o
HAL_MPU_DisableRegion                             build/stm32f4xx_hal_cortex.o
HAL_MPU_Enable                                    build/stm32f4xx_hal_cortex.o
HAL_MPU_EnableRegion                              build/stm32f4xx_hal_cortex.o
HAL_MspDeInit                                     build/stm32f4xx_hal.o
HAL_MspInit                                       build/stm32f4xx_hal_msp.o
HAL_NVIC_ClearPendingIRQ                          build/stm32f4xx_hal_cortex.o
HAL_NVIC_DisableIRQ                               build/stm32f4xx_hal_cortex.o
HAL_NVIC_EnableIRQ                                build/stm32f4xx_hal_cortex.o
HAL_NVIC_GetActive                                build/stm32f4xx_hal_cortex.o
HAL_NVIC_GetPendingIRQ                            build/stm32f4xx_hal_cortex.o
HAL_NVIC_GetPriority                              build/stm32f4xx_hal_cortex.o
HAL_NVIC_GetPriorityGrouping                      build/stm32f4xx_hal_cortex.o
HAL_NVIC_SetPendingIRQ                            build/stm32f4xx_hal_cortex.o
HAL_NVIC_SetPriority                              build/stm32f4xx_hal_cortex.o
                                                  build/stm32f4xx_hal.o
HAL_NVIC_SetPriorityGrouping                      build/stm32f4xx_hal_cortex.o
                                                  build/stm32f4xx_hal.o
HAL_NVIC_SystemReset                              build/stm32f4xx_hal_cortex.o
HAL_PWREx_ControlVoltageScaling                   build/stm32f4xx_hal_pwr_ex.o
HAL_PWREx_DisableBkUpReg                          build/stm32f4xx_hal_pwr_ex.o
HAL_PWREx_DisableFlashPowerDown                   build/stm32f4xx_hal_pwr_ex.o
HAL_PWREx_DisableOverDrive                        build/stm32f4xx_hal_pwr_ex.o
HAL_PWREx_EnableBkUpReg                           build/stm32f4xx_hal_pwr_ex.o
HAL_PWREx_EnableFlashPowerDown                    build/stm32f4xx_hal_pwr_ex.o
HAL_PWREx_EnableOverDrive                         build/stm32f4xx_hal_pwr_ex.o
HAL_PWREx_EnterUnderDriveSTOPMode                 build/stm32f4xx_hal_pwr_ex.o
HAL_PWREx_GetVoltageRange                         build/stm32f4xx_hal_pwr_ex.o
HAL_PWR_ConfigPVD                                 build/stm32f4xx_hal_pwr.o
HAL_PWR_DeInit                                    build/stm32f4xx_hal_pwr.o
HAL_PWR_DisableBkUpAccess                         build/stm32f4xx_hal_pwr.o
HAL_PWR_DisablePVD                                build/stm32f4xx_hal_pwr.o
HAL_PWR_DisableSEVOnPend                          build/stm32f4xx_hal_pwr.o
HAL_PWR_DisableSleepOnExit                        build/stm32f4xx_hal_pwr.o
HAL_PWR_DisableWakeUpPin                          build/stm32f4xx_hal_pwr.o
HAL_PWR_EnableBkUpAccess                          build/stm32f4xx_hal_pwr.o
HAL_PWR_EnablePVD                                 build/stm32f4xx_hal_pwr.o
HAL_PWR_EnableSEVOnPend                           build/stm32f4xx_hal_pwr.o
HAL_PWR_EnableSleepOnExit                         build/stm32f4xx_hal_pwr.o
HAL_PWR_EnableWakeUpPin                           build/stm32f4xx_hal_pwr.o
HAL_PWR_EnterSLEEPMode                            build/stm32f4xx_hal_pwr.o
HAL_PWR_EnterSTANDBYMode                          build/stm32f4xx_hal_pwr.o
HAL_PWR_EnterSTOPMode                             build/stm32f4xx_hal_pwr.o
HAL_PWR_PVDCallback                               build/stm32f4xx_hal_pwr.o
HAL_PWR_PVD_IRQHandler                            build/stm32f4xx_hal_pwr.o
HAL_RCCEx_DisablePLLI2S                           build/stm32f4xx_hal_rcc_ex.o
HAL_RCCEx_DisablePLLSAI                           build/stm32f4xx_hal_rcc_ex.o
HAL_RCCEx_EnablePLLI2S                            build/stm32f4xx_hal_rcc_ex.o
HAL_RCCEx_EnablePLLSAI                            build/stm32f4xx_hal_rcc_ex.o
HAL_RCCEx_GetPeriphCLKConfig                      build/stm32f4xx_hal_rcc_ex.o
HAL_RCCEx_GetPeriphCLKFreq                        build/stm32f4xx_hal_rcc_ex.o
HAL_RCCEx_PeriphCLKConfig                         build/stm32f4xx_hal_rcc_ex.o
HAL_RCC_CSSCallback                               build/stm32f4xx_hal_rcc.o
HAL_RCC_ClockConfig                               build/stm32f4xx_hal_rcc.o
                                                  build/main.o
HAL_RCC_DeInit                                    build/stm32f4xx_hal_rcc_ex.o
                                                  build/stm32f4xx_hal_rcc.o
HAL_RCC_DisableCSS                                build/stm32f4xx_hal_rcc.o
HAL_RCC_EnableCSS                                 build/stm32f4xx_hal_rcc.o
HAL_RCC_GetClockConfig                            build/stm32f4xx_hal_rcc.o
HAL_RCC_GetHCLKFreq                               build/stm32f4xx_hal_rcc.o
HAL_RCC_GetOscConfig                              build/stm32f4xx_hal_rcc.o
HAL_RCC_GetPCLK1Freq                              build/stm32f4xx_hal_rcc.o
HAL_RCC_GetPCLK2Freq                              build/stm32f4xx_hal_rcc.o
HAL_RCC_GetSysClockFreq                           build/stm32f4xx_hal_rcc.o
HAL_RCC_MCOConfig                                 build/stm32f4xx_hal_rcc.o
HAL_RCC_NMI_IRQHandler                            build/stm32f4xx_hal_rcc.o
HAL_RCC_OscConfig                                 build/stm32f4xx_hal_rcc.o
                                                  build/main.o
HAL_ResumeTick                                    build/stm32f4xx_hal.o
HAL_SYSTICK_CLKSourceConfig                       build/stm32f4xx_hal_cortex.o
HAL_SYSTICK_Callback                              build/stm32f4xx_hal_cortex.o
HAL_SYSTICK_Config                                build/stm32f4xx_hal_cortex.o
                                                  build/stm32f4xx_hal.o
HAL_SYSTICK_IRQHandler                            build/stm32f4xx_hal_cortex.o
HAL_SetTickFreq                                   build/stm32f4xx_hal.o
HAL_SuspendTick                                   build/stm32f4xx_hal.o
HASH_RNG_IRQHandler                               build/startup_stm32f429xx.o
HardFault_Handler                                 build/stm32f4xx_it.o
I2C1_ER_IRQHandler                                build/startup_stm32f429xx.o
I2C1_EV_IRQHandler                                build/startup_stm32f429xx.o
I2C2_ER_IRQHandler                                build/startup_stm32f429xx.o
I2C2_EV_IRQHandler                                build/startup_stm32f429xx.o
I2C3_ER_IRQHandler                                build/startup_stm32f429xx.o
I2C3_EV_IRQHandler                                build/startup_stm32f429xx.o
LTDC_ER_IRQHandler                                build/startup_stm32f429xx.o
LTDC_IRQHandler                                   build/startup_stm32f429xx.o
MX_GPIO_Init                                      build/gpio.o
                                                  build/main.o
MemManage_Handler                                 build/stm32f4xx_it.o
NMI_Handler                                       build/stm32f4xx_it.o
OTG_FS_IRQHandler                                 build/startup_stm32f429xx.o
OTG_FS_WKUP_IRQHandler                            build/startup_stm32f429xx.o
OTG_HS_EP1_IN_IRQHandler                          build/startup_stm32f429xx.o
OTG_HS_EP1_OUT_IRQHandler                         build/startup_stm32f429xx.o
OTG_HS_IRQHandler                                 build/startup_stm32f429xx.o
OTG_HS_WKUP_IRQHandler                            build/startup_stm32f429xx.o
PVD_IRQHandler                                    build/startup_stm32f429xx.o
PendSV_Handler                                    build/stm32f4xx_it.o
RCC_IRQHandler                                    build/startup_stm32f429xx.o
RTC_Alarm_IRQHandler                              build/startup_stm32f429xx.o
RTC_WKUP_IRQHandler                               build/startup_stm32f429xx.o
Reset_Handler                                     build/startup_stm32f429xx.o
SAI1_IRQHandler                                   build/startup_stm32f429xx.o
SDIO_IRQHandler                                   build/startup_stm32f429xx.o
SPI1_IRQHandler                                   build/startup_stm32f429xx.o
SPI2_IRQHandler                                   build/startup_stm32f429xx.o
SPI3_IRQHandler                                   build/startup_stm32f429xx.o
SPI4_IRQHandler                                   build/startup_stm32f429xx.o
SPI5_IRQHandler                                   build/startup_stm32f429xx.o
SPI6_IRQHandler                                   build/startup_stm32f429xx.o
SVC_Handler                                       build/stm32f4xx_it.o
SysTick_Handler                                   build/stm32f4xx_it.o
SystemClock_Config                                build/main.o
SystemCoreClock                                   build/system_stm32f4xx.o
                                                  build/stm32f4xx_hal.o
                                                  build/stm32f4xx_hal_dma.o
                                                  build/stm32f4xx_hal_rcc_ex.o
                                                  build/stm32f4xx_hal_rcc.o
SystemCoreClockUpdate                             build/system_stm32f4xx.o
SystemInit                                        build/system_stm32f4xx.o
                                                  build/startup_stm32f429xx.o
TAMP_STAMP_IRQHandler                             build/startup_stm32f429xx.o
TIM1_BRK_TIM9_IRQHandler                          build/startup_stm32f429xx.o
TIM1_CC_IRQHandler                                build/startup_stm32f429xx.o
TIM1_TRG_COM_TIM11_IRQHandler                     build/startup_stm32f429xx.o
TIM1_UP_TIM10_IRQHandler                          build/startup_stm32f429xx.o
TIM2_IRQHandler                                   build/startup_stm32f429xx.o
TIM3_IRQHandler                                   build/startup_stm32f429xx.o
TIM4_IRQHandler                                   build/startup_stm32f429xx.o
TIM5_IRQHandler                                   build/startup_stm32f429xx.o
TIM6_DAC_IRQHandler                               build/startup_stm32f429xx.o
TIM7_IRQHandler                                   build/startup_stm32f429xx.o
TIM8_BRK_TIM12_IRQHandler                         build/startup_stm32f429xx.o
TIM8_CC_IRQHandler                                build/startup_stm32f429xx.o
TIM8_TRG_COM_TIM14_IRQHandler                     build/startup_stm32f429xx.o
TIM8_UP_TIM13_IRQHandler                          build/startup_stm32f429xx.o
UART4_IRQHandler                                  build/startup_stm32f429xx.o
UART5_IRQHandler                                  build/startup_stm32f429xx.o
UART7_IRQHandler                                  build/startup_stm32f429xx.o
UART8_IRQHandler                                  build/startup_stm32f429xx.o
USART1_IRQHandler                                 build/startup_stm32f429xx.o
USART2_IRQHandler                                 build/startup_stm32f429xx.o
USART3_IRQHandler                                 build/startup_stm32f429xx.o
USART6_IRQHandler                                 build/startup_stm32f429xx.o
UsageFault_Handler                                build/stm32f4xx_it.o
WWDG_IRQHandler                                   build/startup_stm32f429xx.o
_ITM_deregisterTMCloneTable                       /usr/lib/gcc/arm-none-eabi/13.2.1/thumb/v7e-m+fp/hard/crtbegin.o
_ITM_registerTMCloneTable                         /usr/lib/gcc/arm-none-eabi/13.2.1/thumb/v7e-m+fp/hard/crtbegin.o
__TMC_END__                                       /usr/lib/gcc/arm-none-eabi/13.2.1/thumb/v7e-m+fp/hard/crtend.o
                                                  /usr/lib/gcc/arm-none-eabi/13.2.1/thumb/v7e-m+fp/hard/crtbegin.o
__aeabi_idiv0                                     /usr/lib/gcc/arm-none-eabi/13.2.1/thumb/v7e-m+fp/hard/libgcc.a(_dvmd_tls.o)
__aeabi_ldiv0                                     /usr/lib/gcc/arm-none-eabi/13.2.1/thumb/v7e-m+fp/hard/libgcc.a(_dvmd_tls.o)
                                                  /usr/lib/gcc/arm-none-eabi/13.2.1/thumb/v7e-m+fp/hard/libgcc.a(_aeabi_uldivmod.o)
__aeabi_uldivmod                                  /usr/lib/gcc/arm-none-eabi/13.2.1/thumb/v7e-m+fp/hard/libgcc.a(_aeabi_uldivmod.o)
                                                  build/stm32f4xx_hal_rcc.o
__atexit                                          /usr/lib/gcc/arm-none-eabi/13.2.1/../../../arm-none-eabi/lib/thumb/v7e-m+fp/hard/libc_nano.a(libc_a-__call_atexit.o)
                                                  /usr/lib/gcc/arm-none-eabi/13.2.1/../../../arm-none-eabi/lib/thumb/v7e-m+fp/hard/libc_nano.a(libc_a-__atexit.o)
__atexit0                                         /usr/lib/gcc/arm-none-eabi/13.2.1/../../../arm-none-eabi/lib/thumb/v7e-m+fp/hard/libc_nano.a(libc_a-__atexit.o)
__atexit_dummy                                    /usr/lib/gcc/arm-none-eabi/13.2.1/../../../arm-none-eabi/lib/thumb/v7e-m+fp/hard/libc_nano.a(libc_a-__atexit.o)
__bss_end__                                       /usr/lib/gcc/arm-none-eabi/13.2.1/../../../arm-none-eabi/lib/thumb/v7e-m+fp/hard/crt0.o
__bss_start__                                     /usr/lib/gcc/arm-none-eabi/13.2.1/../../../arm-none-eabi/lib/thumb/v7e-m+fp/hard/crt0.o
__call_exitprocs                                  /usr/lib/gcc/arm-none-eabi/13.2.1/../../../arm-none-eabi/lib/thumb/v7e-m+fp/hard/libc_nano.a(libc_a-__call_atexit.o)
                                                  /usr/lib/gcc/arm-none-eabi/13.2.1/../../../arm-none-eabi/lib/thumb/v7e-m+fp/hard/libc_nano.a(libc_a-__atexit.o)
                                                  /usr/lib/gcc/arm-none-eabi/13.2.1/../../../arm-none-eabi/lib/thumb/v7e-m+fp/hard/libc_nano.a(libc_a-exit.o)
__deregister_frame_info                           /usr/lib/gcc/arm-none-eabi/13.2.1/thumb/v7e-m+fp/hard/crtbegin.o
__dso_handle                                      /usr/lib/gcc/arm-none-eabi/13.2.1/thumb/v7e-m+fp/hard/crtbegin.o
__fini_array_end                                  /usr/lib/gcc/arm-none-eabi/13.2.1/../../../arm-none-eabi/lib/thumb/v7e-m+fp/hard/libc_nano.a(libc_a-fini.o)
__fini_array_start                                /usr/lib/gcc/arm-none-eabi/13.2.1/../../../arm-none-eabi/lib/thumb/v7e-m+fp/hard/libc_nano.a(libc_a-fini.o)
__fp_lock_all                                     /usr/lib/gcc/arm-none-eabi/13.2.1/../../../arm-none-eabi/lib/thumb/v7e-m+fp/hard/libc_nano.a(libc_a-findfp.o)
__fp_unlock_all                                   /usr/lib/gcc/arm-none-eabi/13.2.1/../../../arm-none-eabi/lib/thumb/v7e-m+fp/hard/libc_nano.a(libc_a-findfp.o)
__init_array_end                                  /usr/lib/gcc/arm-none-eabi/13.2.1/../../../arm-none-eabi/lib/thumb/v7e-m+fp/hard/libc_nano.a(libc_a-init.o)
__init_array_start                                /usr/lib/gcc/arm-none-eabi/13.2.1/../../../arm-none-eabi/lib/thumb/v7e-m+fp/hard/libc_nano.a(libc_a-init.o)
__libc_fini_array                                 /usr/lib/gcc/arm-none-eabi/13.2.1/../../../arm-none-eabi/lib/thumb/v7e-m+fp/hard/libc_nano.a(libc_a-fini.o)
                                                  /usr/lib/gcc/arm-none-eabi/13.2.1/../../../arm-none-eabi/lib/thumb/v7e-m+fp/hard/crt0.o
__libc_init_array                                 /usr/lib/gcc/arm-none-eabi/13.2.1/../../../arm-none-eabi/lib/thumb/v7e-m+fp/hard/libc_nano.a(libc_a-init.o)
                                                  build/startup_stm32f429xx.o
                                                  /usr/lib/gcc/arm-none-eabi/13.2.1/../../../arm-none-eabi/lib/thumb/v7e-m+fp/hard/crt0.o
__malloc_free_list                                /usr/lib/gcc/arm-none-eabi/13.2.1/../../../arm-none-eabi/lib/thumb/v7e-m+fp/hard/libc_nano.a(libc_a-mallocr.o)
                                                  /usr/lib/gcc/arm-none-eabi/13.2.1/../../../arm-none-eabi/lib/thumb/v7e-m+fp/hard/libc_nano.a(libc_a-freer.o)
__malloc_lock                                     /usr/lib/gcc/arm-none-eabi/13.2.1/../../../arm-none-eabi/lib/thumb/v7e-m+fp/hard/libc_nano.a(libc_a-mlock.o)
                                                  /usr/lib/gcc/arm-none-eabi/13.2.1/../../../arm-none-eabi/lib/thumb/v7e-m+fp/hard/libc_nano.a(libc_a-freer.o)
                                                  /usr/lib/gcc/arm-none-eabi/13.2.1/../../../arm-none-eabi/lib/thumb/v7e-m+fp/hard/libc_nano.a(libc_a-mallocr.o)
__malloc_sbrk_start                               /usr/lib/gcc/arm-none-eabi/13.2.1/../../../arm-none-eabi/lib/thumb/v7e-m+fp/hard/libc_nano.a(libc_a-mallocr.o)
__malloc_unlock                                   /usr/lib/gcc/arm-none-eabi/13.2.1/../../../arm-none-eabi/lib/thumb/v7e-m+fp/hard/libc_nano.a(libc_a-mlock.o)
                                                  /usr/lib/gcc/arm-none-eabi/13.2.1/../../../arm-none-eabi/lib/thumb/v7e-m+fp/hard/libc_nano.a(libc_a-freer.o)
                                                  /usr/lib/gcc/arm-none-eabi/13.2.1/../../../arm-none-eabi/lib/thumb/v7e-m+fp/hard/libc_nano.a(libc_a-mallocr.o)
__on_exit_args                                    /usr/lib/gcc/arm-none-eabi/13.2.1/../../../arm-none-eabi/lib/thumb/v7e-m+fp/hard/libc_nano.a(libc_a-__atexit.o)
__preinit_array_end                               /usr/lib/gcc/arm-none-eabi/13.2.1/../../../arm-none-eabi/lib/thumb/v7e-m+fp/hard/libc_nano.a(libc_a-init.o)
__preinit_array_start                             /usr/lib/gcc/arm-none-eabi/13.2.1/../../../arm-none-eabi/lib/thumb/v7e-m+fp/hard/libc_nano.a(libc_a-init.o)
__register_exitproc                               /usr/lib/gcc/arm-none-eabi/13.2.1/../../../arm-none-eabi/lib/thumb/v7e-m+fp/hard/libc_nano.a(libc_a-__atexit.o)
                                                  /usr/lib/gcc/arm-none-eabi/13.2.1/../../../arm-none-eabi/lib/thumb/v7e-m+fp/hard/libc_nano.a(libc_a-atexit.o)
__register_frame_info                             /usr/lib/gcc/arm-none-eabi/13.2.1/thumb/v7e-m+fp/hard/crtbegin.o
__sclose                                          /usr/lib/gcc/arm-none-eabi/13.2.1/../../../arm-none-eabi/lib/thumb/v7e-m+fp/hard/libc_nano.a(libc_a-stdio.o)
                                                  /usr/lib/gcc/arm-none-eabi/13.2.1/../../../arm-none-eabi/lib/thumb/v7e-m+fp/hard/libc_nano.a(libc_a-findfp.o)
__seofread                                        /usr/lib/gcc/arm-none-eabi/13.2.1/../../../arm-none-eabi/lib/thumb/v7e-m+fp/hard/libc_nano.a(libc_a-stdio.o)
__sf                                              /usr/lib/gcc/arm-none-eabi/13.2.1/../../../arm-none-eabi/lib/thumb/v7e-m+fp/hard/libc_nano.a(libc_a-findfp.o)
                                                  /usr/lib/gcc/arm-none-eabi/13.2.1/../../../arm-none-eabi/lib/thumb/v7e-m+fp/hard/libc_nano.a(libc_a-impure.o)
__sflush_r                                        /usr/lib/gcc/arm-none-eabi/13.2.1/../../../arm-none-eabi/lib/thumb/v7e-m+fp/hard/libc_nano.a(libc_a-fflush.o)
__sfp                                             /usr/lib/gcc/arm-none-eabi/13.2.1/../../../arm-none-eabi/lib/thumb/v7e-m+fp/hard/libc_nano.a(libc_a-findfp.o)
__sfp_lock_acquire                                /usr/lib/gcc/arm-none-eabi/13.2.1/../../../arm-none-eabi/lib/thumb/v7e-m+fp/hard/libc_nano.a(libc_a-findfp.o)
__sfp_lock_release                                /usr/lib/gcc/arm-none-eabi/13.2.1/../../../arm-none-eabi/lib/thumb/v7e-m+fp/hard/libc_nano.a(libc_a-findfp.o)
__sglue                                           /usr/lib/gcc/arm-none-eabi/13.2.1/../../../arm-none-eabi/lib/thumb/v7e-m+fp/hard/libc_nano.a(libc_a-findfp.o)
                                                  /usr/lib/gcc/arm-none-eabi/13.2.1/../../../arm-none-eabi/lib/thumb/v7e-m+fp/hard/libc_nano.a(libc_a-fflush.o)
__sinit                                           /usr/lib/gcc/arm-none-eabi/13.2.1/../../../arm-none-eabi/lib/thumb/v7e-m+fp/hard/libc_nano.a(libc_a-findfp.o)
                                                  /usr/lib/gcc/arm-none-eabi/13.2.1/../../../arm-none-eabi/lib/thumb/v7e-m+fp/hard/libc_nano.a(libc_a-fflush.o)
__sread                                           /usr/lib/gcc/arm-none-eabi/13.2.1/../../../arm-none-eabi/lib/thumb/v7e-m+fp/hard/libc_nano.a(libc_a-stdio.o)
                                                  /usr/lib/gcc/arm-none-eabi/13.2.1/../../../arm-none-eabi/lib/thumb/v7e-m+fp/hard/libc_nano.a(libc_a-findfp.o)
__sseek                                           /usr/lib/gcc/arm-none-eabi/13.2.1/../../../arm-none-eabi/lib/thumb/v7e-m+fp/hard/libc_nano.a(libc_a-stdio.o)
                                                  /usr/lib/gcc/arm-none-eabi/13.2.1/../../../arm-none-eabi/lib/thumb/v7e-m+fp/hard/libc_nano.a(libc_a-findfp.o)
__stack                                           /usr/lib/gcc/arm-none-eabi/13.2.1/../../../arm-none-eabi/lib/thumb/v7e-m+fp/hard/crt0.o
__stdio_exit_handler                              /usr/lib/gcc/arm-none-eabi/13.2.1/../../../arm-none-eabi/lib/thumb/v7e-m+fp/hard/libc_nano.a(libc_a-findfp.o)
                                                  /usr/lib/gcc/arm-none-eabi/13.2.1/../../../arm-none-eabi/lib/thumb/v7e-m+fp/hard/libc_nano.a(libc_a-exit.o)
__swrite                                          /usr/lib/gcc/arm-none-eabi/13.2.1/../../../arm-none-eabi/lib/thumb/v7e-m+fp/hard/libc_nano.a(libc_a-stdio.o)
                                                  /usr/lib/gcc/arm-none-eabi/13.2.1/../../../arm-none-eabi/lib/thumb/v7e-m+fp/hard/libc_nano.a(libc_a-findfp.o)
__udivmoddi4                                      /usr/lib/gcc/arm-none-eabi/13.2.1/thumb/v7e-m+fp/hard/libgcc.a(_udivmoddi4.o)
                                                  /usr/lib/gcc/arm-none-eabi/13.2.1/thumb/v7e-m+fp/hard/libgcc.a(_aeabi_uldivmod.o)
_close                                            /usr/lib/gcc/arm-none-eabi/13.2.1/../../../arm-none-eabi/lib/thumb/v7e-m+fp/hard/libnosys.a(close.o)
                                                  /usr/lib/gcc/arm-none-eabi/13.2.1/../../../arm-none-eabi/lib/thumb/v7e-m+fp/hard/libc_nano.a(libc_a-closer.o)
_close_r                                          /usr/lib/gcc/arm-none-eabi/13.2.1/../../../arm-none-eabi/lib/thumb/v7e-m+fp/hard/libc_nano.a(libc_a-closer.o)
                                                  /usr/lib/gcc/arm-none-eabi/13.2.1/../../../arm-none-eabi/lib/thumb/v7e-m+fp/hard/libc_nano.a(libc_a-stdio.o)
_ebss                                             build/startup_stm32f429xx.o
_edata                                            build/startup_stm32f429xx.o
_estack                                           build/startup_stm32f429xx.o
_exit                                             /usr/lib/gcc/arm-none-eabi/13.2.1/../../../arm-none-eabi/lib/thumb/v7e-m+fp/hard/libnosys.a(_exit.o)
                                                  /usr/lib/gcc/arm-none-eabi/13.2.1/../../../arm-none-eabi/lib/thumb/v7e-m+fp/hard/libc_nano.a(libc_a-exit.o)
_fflush_r                                         /usr/lib/gcc/arm-none-eabi/13.2.1/../../../arm-none-eabi/lib/thumb/v7e-m+fp/hard/libc_nano.a(libc_a-fflush.o)
                                                  /usr/lib/gcc/arm-none-eabi/13.2.1/../../../arm-none-eabi/lib/thumb/v7e-m+fp/hard/libc_nano.a(libc_a-findfp.o)
_fini                                             /usr/lib/gcc/arm-none-eabi/13.2.1/thumb/v7e-m+fp/hard/crti.o
                                                  /usr/lib/gcc/arm-none-eabi/13.2.1/../../../arm-none-eabi/lib/thumb/v7e-m+fp/hard/libc_nano.a(libc_a-fini.o)
_free_r                                           /usr/lib/gcc/arm-none-eabi/13.2.1/../../../arm-none-eabi/lib/thumb/v7e-m+fp/hard/libc_nano.a(libc_a-freer.o)
                                                  /usr/lib/gcc/arm-none-eabi/13.2.1/../../../arm-none-eabi/lib/thumb/v7e-m+fp/hard/libc_nano.a(libc_a-reent.o)
                                                  /usr/lib/gcc/arm-none-eabi/13.2.1/../../../arm-none-eabi/lib/thumb/v7e-m+fp/hard/libc_nano.a(libc_a-fflush.o)
_fwalk_sglue                                      /usr/lib/gcc/arm-none-eabi/13.2.1/../../../arm-none-eabi/lib/thumb/v7e-m+fp/hard/libc_nano.a(libc_a-fwalk.o)
                                                  /usr/lib/gcc/arm-none-eabi/13.2.1/../../../arm-none-eabi/lib/thumb/v7e-m+fp/hard/libc_nano.a(libc_a-fflush.o)
                                                  /usr/lib/gcc/arm-none-eabi/13.2.1/../../../arm-none-eabi/lib/thumb/v7e-m+fp/hard/libc_nano.a(libc_a-findfp.o)
_impure_data                                      /usr/lib/gcc/arm-none-eabi/13.2.1/../../../arm-none-eabi/lib/thumb/v7e-m+fp/hard/libc_nano.a(libc_a-impure.o)
                                                  /usr/lib/gcc/arm-none-eabi/13.2.1/../../../arm-none-eabi/lib/thumb/v7e-m+fp/hard/libc_nano.a(libc_a-fflush.o)
                                                  /usr/lib/gcc/arm-none-eabi/13.2.1/../../../arm-none-eabi/lib/thumb/v7e-m+fp/hard/libc_nano.a(libc_a-findfp.o)
_impure_ptr                                       /usr/lib/gcc/arm-none-eabi/13.2.1/../../../arm-none-eabi/lib/thumb/v7e-m+fp/hard/libc_nano.a(libc_a-impure.o)
                                                  /usr/lib/gcc/arm-none-eabi/13.2.1/../../../arm-none-eabi/lib/thumb/v7e-m+fp/hard/libc_nano.a(libc_a-reent.o)
                                                  /usr/lib/gcc/arm-none-eabi/13.2.1/../../../arm-none-eabi/lib/thumb/v7e-m+fp/hard/libc_nano.a(libc_a-fflush.o)
_init                                             /usr/lib/gcc/arm-none-eabi/13.2.1/thumb/v7e-m+fp/hard/crti.o
                                                  /usr/lib/gcc/arm-none-eabi/13.2.1/../../../arm-none-eabi/lib/thumb/v7e-m+fp/hard/libc_nano.a(libc_a-init.o)
_lseek                                            /usr/lib/gcc/arm-none-eabi/13.2.1/../../../arm-none-eabi/lib/thumb/v7e-m+fp/hard/libnosys.a(lseek.o)
                                                  /usr/lib/gcc/arm-none-eabi/13.2.1/../../../arm-none-eabi/lib/thumb/v7e-m+fp/hard/libc_nano.a(libc_a-lseekr.o)
_lseek_r                                          /usr/lib/gcc/arm-none-eabi/13.2.1/../../../arm-none-eabi/lib/thumb/v7e-m+fp/hard/libc_nano.a(libc_a-lseekr.o)
                                                  /usr/lib/gcc/arm-none-eabi/13.2.1/../../../arm-none-eabi/lib/thumb/v7e-m+fp/hard/libc_nano.a(libc_a-stdio.o)
_mainCRTStartup                                   /usr/lib/gcc/arm-none-eabi/13.2.1/../../../arm-none-eabi/lib/thumb/v7e-m+fp/hard/crt0.o
_malloc_r                                         /usr/lib/gcc/arm-none-eabi/13.2.1/../../../arm-none-eabi/lib/thumb/v7e-m+fp/hard/libc_nano.a(libc_a-mallocr.o)
                                                  /usr/lib/gcc/arm-none-eabi/13.2.1/../../../arm-none-eabi/lib/thumb/v7e-m+fp/hard/libc_nano.a(libc_a-findfp.o)
_read                                             /usr/lib/gcc/arm-none-eabi/13.2.1/../../../arm-none-eabi/lib/thumb/v7e-m+fp/hard/libnosys.a(read.o)
                                                  /usr/lib/gcc/arm-none-eabi/13.2.1/../../../arm-none-eabi/lib/thumb/v7e-m+fp/hard/libc_nano.a(libc_a-readr.o)
_read_r                                           /usr/lib/gcc/arm-none-eabi/13.2.1/../../../arm-none-eabi/lib/thumb/v7e-m+fp/hard/libc_nano.a(libc_a-readr.o)
                                                  /usr/lib/gcc/arm-none-eabi/13.2.1/../../../arm-none-eabi/lib/thumb/v7e-m+fp/hard/libc_nano.a(libc_a-stdio.o)
_reclaim_reent                                    /usr/lib/gcc/arm-none-eabi/13.2.1/../../../arm-none-eabi/lib/thumb/v7e-m+fp/hard/libc_nano.a(libc_a-reent.o)
_sbrk                                             /usr/lib/gcc/arm-none-eabi/13.2.1/../../../arm-none-eabi/lib/thumb/v7e-m+fp/hard/libnosys.a(sbrk.o)
                                                  /usr/lib/gcc/arm-none-eabi/13.2.1/../../../arm-none-eabi/lib/thumb/v7e-m+fp/hard/libc_nano.a(libc_a-sbrkr.o)
_sbrk_r                                           /usr/lib/gcc/arm-none-eabi/13.2.1/../../../arm-none-eabi/lib/thumb/v7e-m+fp/hard/libc_nano.a(libc_a-sbrkr.o)
                                                  /usr/lib/gcc/arm-none-eabi/13.2.1/../../../arm-none-eabi/lib/thumb/v7e-m+fp/hard/libc_nano.a(libc_a-mallocr.o)
_sbss                                             build/startup_stm32f429xx.o
_sdata                                            build/startup_stm32f429xx.o
_sidata                                           build/startup_stm32f429xx.o
_stack_init                                       /usr/lib/gcc/arm-none-eabi/13.2.1/../../../arm-none-eabi/lib/thumb/v7e-m+fp/hard/crt0.o
_start                                            /usr/lib/gcc/arm-none-eabi/13.2.1/../../../arm-none-eabi/lib/thumb/v7e-m+fp/hard/crt0.o
_write                                            /usr/lib/gcc/arm-none-eabi/13.2.1/../../../arm-none-eabi/lib/thumb/v7e-m+fp/hard/libnosys.a(write.o)
                                                  /usr/lib/gcc/arm-none-eabi/13.2.1/../../../arm-none-eabi/lib/thumb/v7e-m+fp/hard/libc_nano.a(libc_a-writer.o)
_write_r                                          /usr/lib/gcc/arm-none-eabi/13.2.1/../../../arm-none-eabi/lib/thumb/v7e-m+fp/hard/libc_nano.a(libc_a-writer.o)
                                                  /usr/lib/gcc/arm-none-eabi/13.2.1/../../../arm-none-eabi/lib/thumb/v7e-m+fp/hard/libc_nano.a(libc_a-stdio.o)
atexit                                            /usr/lib/gcc/arm-none-eabi/13.2.1/../../../arm-none-eabi/lib/thumb/v7e-m+fp/hard/libc_nano.a(libc_a-atexit.o)
                                                  /usr/lib/gcc/arm-none-eabi/13.2.1/../../../arm-none-eabi/lib/thumb/v7e-m+fp/hard/crt0.o
end                                               /usr/lib/gcc/arm-none-eabi/13.2.1/../../../arm-none-eabi/lib/thumb/v7e-m+fp/hard/libnosys.a(sbrk.o)
errno                                             /usr/lib/gcc/arm-none-eabi/13.2.1/../../../arm-none-eabi/lib/thumb/v7e-m+fp/hard/libc_nano.a(libc_a-reent.o)
                                                  /usr/lib/gcc/arm-none-eabi/13.2.1/../../../arm-none-eabi/lib/thumb/v7e-m+fp/hard/libnosys.a(write.o)
                                                  /usr/lib/gcc/arm-none-eabi/13.2.1/../../../arm-none-eabi/lib/thumb/v7e-m+fp/hard/libnosys.a(read.o)
                                                  /usr/lib/gcc/arm-none-eabi/13.2.1/../../../arm-none-eabi/lib/thumb/v7e-m+fp/hard/libnosys.a(lseek.o)
                                                  /usr/lib/gcc/arm-none-eabi/13.2.1/../../../arm-none-eabi/lib/thumb/v7e-m+fp/hard/libnosys.a(close.o)
                                                  /usr/lib/gcc/arm-none-eabi/13.2.1/../../../arm-none-eabi/lib/thumb/v7e-m+fp/hard/libc_nano.a(libc_a-writer.o)
                                                  /usr/lib/gcc/arm-none-eabi/13.2.1/../../../arm-none-eabi/lib/thumb/v7e-m+fp/hard/libc_nano.a(libc_a-lseekr.o)
                                                  /usr/lib/gcc/arm-none-eabi/13.2.1/../../../arm-none-eabi/lib/thumb/v7e-m+fp/hard/libc_nano.a(libc_a-readr.o)
                                                  /usr/lib/gcc/arm-none-eabi/13.2.1/../../../arm-none-eabi/lib/thumb/v7e-m+fp/hard/libc_nano.a(libc_a-closer.o)
                                                  /usr/lib/gcc/arm-none-eabi/13.2.1/../../../arm-none-eabi/lib/thumb/v7e-m+fp/hard/libc_nano.a(libc_a-sbrkr.o)
exit                                              /usr/lib/gcc/arm-none-eabi/13.2.1/../../../arm-none-eabi/lib/thumb/v7e-m+fp/hard/libc_nano.a(libc_a-exit.o)
                                                  /usr/lib/gcc/arm-none-eabi/13.2.1/../../../arm-none-eabi/lib/thumb/v7e-m+fp/hard/crt0.o
fflush                                            /usr/lib/gcc/arm-none-eabi/13.2.1/../../../arm-none-eabi/lib/thumb/v7e-m+fp/hard/libc_nano.a(libc_a-fflush.o)
g_pfnVectors                                      build/startup_stm32f429xx.o
gpio_led_state                                    build/gpio.o
                                                  build/main.o
hardware_init_hook                                /usr/lib/gcc/arm-none-eabi/13.2.1/../../../arm-none-eabi/lib/thumb/v7e-m+fp/hard/crt0.o
main                                              build/main.o
                                                  build/startup_stm32f429xx.o
                                                  /usr/lib/gcc/arm-none-eabi/13.2.1/../../../arm-none-eabi/lib/thumb/v7e-m+fp/hard/crt0.o
malloc                                            /usr/lib/gcc/arm-none-eabi/13.2.1/../../../arm-none-eabi/lib/thumb/v7e-m+fp/hard/libc_nano.a(libc_a-__atexit.o)
memset                                            /usr/lib/gcc/arm-none-eabi/13.2.1/../../../arm-none-eabi/lib/thumb/v7e-m+fp/hard/libc_nano.a(libc_a-memset.o)
                                                  /usr/lib/gcc/arm-none-eabi/13.2.1/../../../arm-none-eabi/lib/thumb/v7e-m+fp/hard/libc_nano.a(libc_a-findfp.o)
                                                  build/main.o
                                                  /usr/lib/gcc/arm-none-eabi/13.2.1/../../../arm-none-eabi/lib/thumb/v7e-m+fp/hard/crt0.o
pFlash                                            build/stm32f4xx_hal_flash.o
                                                  build/stm32f4xx_hal_flash_ex.o
software_init_hook                                /usr/lib/gcc/arm-none-eabi/13.2.1/../../../arm-none-eabi/lib/thumb/v7e-m+fp/hard/crt0.o
uwTick                                            build/stm32f4xx_hal.o
uwTickFreq                                        build/stm32f4xx_hal.o
uwTickPrio                                        build/stm32f4xx_hal.o
                                                  build/stm32f4xx_hal_rcc_ex.o
                                                  build/stm32f4xx_hal_rcc.o
